2026-07-21 10:59:52 [INFO] Navigating to Home page
2026-07-21 10:59:53 [INFO] Home page navigation successful
2026-07-21 10:59:53 [INFO] Clicking Shop Now button
2026-07-21 10:59:54 [INFO] Shop Now button clicked successfully
2026-07-21 10:59:54 [INFO] Clicking on Electronics category
2026-07-21 10:59:54 [INFO] Electronics category clicked successfully
2026-07-21 10:59:54 [INFO] Adding product to cart
2026-07-21 11:01:44 [INFO] Navigating to Home page
2026-07-21 11:01:44 [INFO] Home page navigation successful
2026-07-21 11:01:44 [INFO] Clicking Shop Now button
2026-07-21 11:01:45 [INFO] Shop Now button clicked successfully
2026-07-21 11:01:45 [INFO] Clicking on Electronics category
2026-07-21 11:01:45 [INFO] Electronics category clicked successfully
2026-07-21 11:01:45 [INFO] Adding product to cart
2026-07-21 11:01:45 [INFO] Product added to cart successfully
2026-07-21 11:05:38 [INFO] Navigating to Home page
2026-07-21 11:05:40 [INFO] Home page navigation successful
2026-07-21 11:05:40 [INFO] Clicking Shop Now button
2026-07-21 11:05:40 [INFO] Shop Now button clicked successfully
2026-07-21 11:05:40 [INFO] Clicking on Electronics category
2026-07-21 11:05:40 [INFO] Electronics category clicked successfully
2026-07-21 11:05:40 [INFO] Adding product to cart
2026-07-21 11:05:40 [INFO] Product added to cart successfully
2026-07-21 11:05:40 [INFO] Opening cart
2026-07-21 11:08:23 [INFO] Navigating to Home page
2026-07-21 11:08:24 [INFO] Home page navigation successful
2026-07-21 11:08:24 [INFO] Clicking Shop Now button
2026-07-21 11:08:24 [INFO] Shop Now button clicked successfully
2026-07-21 11:08:24 [INFO] Clicking on Electronics category
2026-07-21 11:08:24 [INFO] Electronics category clicked successfully
2026-07-21 11:08:24 [INFO] Adding product to cart
2026-07-21 11:08:25 [INFO] Product added to cart successfully
2026-07-21 11:08:25 [INFO] Opening cart
2026-07-21 11:10:44 [INFO] Navigating to Home page
2026-07-21 11:10:45 [INFO] Home page navigation successful
2026-07-21 11:10:45 [INFO] Clicking Shop Now button
2026-07-21 11:10:46 [INFO] Shop Now button clicked successfully
2026-07-21 11:10:46 [INFO] Clicking on Electronics category
2026-07-21 11:10:46 [INFO] Electronics category clicked successfully
2026-07-21 11:10:46 [INFO] Adding product to cart
2026-07-21 11:10:46 [INFO] Product added to cart successfully
2026-07-21 11:10:46 [INFO] Opening cart
2026-07-21 11:10:46 [INFO] Cart opened successfully
2026-07-21 11:11:46 [INFO] Navigating to Home page
2026-07-21 11:11:47 [INFO] Home page navigation successful
2026-07-21 11:11:47 [INFO] Clicking Shop Now button
2026-07-21 11:11:47 [INFO] Shop Now button clicked successfully
2026-07-21 11:11:47 [INFO] Clicking on Electronics category
2026-07-21 11:11:47 [INFO] Electronics category clicked successfully
2026-07-21 11:11:47 [INFO] Adding product to cart
2026-07-21 11:11:48 [INFO] Product added to cart successfully
2026-07-21 11:11:48 [INFO] Opening cart
2026-07-21 11:11:48 [INFO] Cart opened successfully
2026-07-21 11:12:08 [INFO] Navigating to Home page
2026-07-21 11:12:09 [INFO] Home page navigation successful
2026-07-21 11:12:09 [INFO] Clicking Shop Now button
2026-07-21 11:12:10 [INFO] Shop Now button clicked successfully
2026-07-21 11:12:10 [INFO] Clicking on Electronics category
2026-07-21 11:12:10 [INFO] Electronics category clicked successfully
2026-07-21 11:12:10 [INFO] Adding product to cart
2026-07-21 11:14:07 [INFO] Navigating to Home page
2026-07-21 11:14:07 [INFO] Home page navigation successful
2026-07-21 11:14:07 [INFO] Clicking Shop Now button
2026-07-21 11:14:08 [INFO] Shop Now button clicked successfully
2026-07-21 11:14:08 [INFO] Clicking on Electronics category
2026-07-21 11:14:08 [INFO] Electronics category clicked successfully
2026-07-21 11:14:08 [INFO] Adding product to cart
2026-07-21 11:14:08 [INFO] Product added to cart successfully
2026-07-21 11:14:08 [INFO] Opening cart
2026-07-21 11:14:08 [INFO] Cart opened successfully
2026-07-21 11:14:08 [INFO] Proceeding to checkout
2026-07-21 11:14:09 [INFO] Checkout initiated successfully
2026-07-21 11:14:09 [INFO] Entering customer information
2026-07-21 11:16:46 [INFO] Navigating to Home page
2026-07-21 11:16:47 [INFO] Home page navigation successful
2026-07-21 11:16:47 [INFO] Clicking Shop Now button
2026-07-21 11:16:48 [INFO] Shop Now button clicked successfully
2026-07-21 11:16:48 [INFO] Clicking on Electronics category
2026-07-21 11:16:49 [INFO] Electronics category clicked successfully
2026-07-21 11:16:49 [INFO] Adding product to cart
2026-07-21 11:16:49 [INFO] Product added to cart successfully
2026-07-21 11:16:49 [INFO] Opening cart
2026-07-21 11:17:51 [INFO] Navigating to Home page
2026-07-21 11:17:51 [INFO] Home page navigation successful
2026-07-21 11:17:51 [INFO] Clicking Shop Now button
2026-07-21 11:17:52 [INFO] Shop Now button clicked successfully
2026-07-21 11:17:52 [INFO] Clicking on Electronics category
2026-07-21 11:17:52 [INFO] Electronics category clicked successfully
2026-07-21 11:17:52 [INFO] Adding product to cart
2026-07-21 11:17:52 [INFO] Product added to cart successfully
2026-07-21 11:17:52 [INFO] Opening cart
2026-07-21 11:17:53 [INFO] Cart opened successfully
2026-07-21 11:17:53 [INFO] Proceeding to checkout
2026-07-21 11:17:53 [INFO] Checkout initiated successfully
2026-07-21 11:17:53 [INFO] Entering customer information
2026-07-21 11:17:53 [INFO] Customer information entered successfully
2026-07-21 11:17:53 [INFO] Proceeding to payment
2026-07-21 11:19:51 [INFO] Navigating to Home page
2026-07-21 11:19:52 [INFO] Home page navigation successful
2026-07-21 11:19:52 [INFO] Clicking Shop Now button
2026-07-21 11:19:53 [INFO] Shop Now button clicked successfully
2026-07-21 11:19:53 [INFO] Clicking on Electronics category
2026-07-21 11:19:53 [INFO] Electronics category clicked successfully
2026-07-21 11:19:53 [INFO] Adding product to cart
2026-07-21 11:19:54 [INFO] Product added to cart successfully
2026-07-21 11:19:54 [INFO] Opening cart
2026-07-21 11:21:21 [INFO] Navigating to Home page
2026-07-21 11:21:22 [INFO] Home page navigation successful
2026-07-21 11:21:22 [INFO] Clicking Shop Now button
2026-07-21 11:21:23 [INFO] Shop Now button clicked successfully
2026-07-21 11:21:23 [INFO] Clicking on Electronics category
2026-07-21 11:21:23 [INFO] Electronics category clicked successfully
2026-07-21 11:21:23 [INFO] Adding product to cart
2026-07-21 11:21:47 [INFO] Navigating to Home page
2026-07-21 11:21:48 [INFO] Home page navigation successful
2026-07-21 11:21:48 [INFO] Clicking Shop Now button
2026-07-21 11:21:49 [INFO] Shop Now button clicked successfully
2026-07-21 11:21:49 [INFO] Clicking on Electronics category
2026-07-21 11:21:49 [INFO] Electronics category clicked successfully
2026-07-21 11:21:49 [INFO] Adding product to cart
2026-07-21 11:21:49 [INFO] Product added to cart successfully
2026-07-21 11:21:49 [INFO] Opening cart
2026-07-21 11:21:49 [INFO] Cart opened successfully
2026-07-21 11:21:49 [INFO] Proceeding to checkout
2026-07-21 11:21:50 [INFO] Checkout initiated successfully
2026-07-21 11:21:50 [INFO] Entering customer information
2026-07-21 11:21:50 [INFO] Customer information entered successfully
2026-07-21 11:21:50 [INFO] Proceeding to payment
2026-07-21 11:22:35 [INFO] Navigating to Home page
2026-07-21 11:22:36 [INFO] Home page navigation successful
2026-07-21 11:22:36 [INFO] Clicking Shop Now button
2026-07-21 11:22:37 [INFO] Shop Now button clicked successfully
2026-07-21 11:22:37 [INFO] Clicking on Electronics category
2026-07-21 11:22:37 [INFO] Electronics category clicked successfully
2026-07-21 11:22:37 [INFO] Adding product to cart
2026-07-21 11:22:38 [INFO] Product added to cart successfully
2026-07-21 11:22:38 [INFO] Opening cart
2026-07-21 11:22:38 [INFO] Cart opened successfully
2026-07-21 11:22:38 [INFO] Proceeding to checkout
2026-07-21 11:22:39 [INFO] Checkout initiated successfully
2026-07-21 11:22:39 [INFO] Entering customer information
2026-07-21 11:22:40 [INFO] Customer information entered successfully
2026-07-21 11:22:40 [INFO] Proceeding to payment
2026-07-21 11:24:10 [INFO] Navigating to Home page
2026-07-21 11:24:10 [INFO] Home page navigation successful
2026-07-21 11:24:10 [INFO] Clicking Shop Now button
2026-07-21 11:24:11 [INFO] Shop Now button clicked successfully
2026-07-21 11:24:11 [INFO] Clicking on Electronics category
2026-07-21 11:24:11 [INFO] Electronics category clicked successfully
2026-07-21 11:24:11 [INFO] Adding product to cart
2026-07-21 11:24:12 [INFO] Product added to cart successfully
2026-07-21 11:24:12 [INFO] Opening cart
2026-07-21 11:24:12 [INFO] Cart opened successfully
2026-07-21 11:24:12 [INFO] Proceeding to checkout
2026-07-21 11:24:12 [INFO] Checkout initiated successfully
2026-07-21 11:24:12 [INFO] Entering customer information
2026-07-21 11:24:13 [INFO] Customer information entered successfully
2026-07-21 11:24:13 [INFO] Proceeding to payment
2026-07-21 11:27:16 [INFO] Navigating to Home page
2026-07-21 11:27:18 [INFO] Home page navigation successful
2026-07-21 11:27:18 [INFO] Clicking Shop Now button
2026-07-21 11:27:19 [INFO] Shop Now button clicked successfully
2026-07-21 11:27:19 [INFO] Clicking on Electronics category
2026-07-21 11:27:19 [INFO] Electronics category clicked successfully
2026-07-21 11:27:19 [INFO] Adding product to cart
2026-07-21 11:28:59 [INFO] Navigating to Home page
2026-07-21 11:29:00 [INFO] Home page navigation successful
2026-07-21 11:29:00 [INFO] Clicking Shop Now button
2026-07-21 11:29:00 [INFO] Shop Now button clicked successfully
2026-07-21 11:29:00 [INFO] Clicking on Electronics category
2026-07-21 11:29:00 [INFO] Electronics category clicked successfully
2026-07-21 11:29:00 [INFO] Adding product to cart
2026-07-21 11:31:38 [INFO] Navigating to Home page
2026-07-21 11:31:39 [INFO] Home page navigation successful
2026-07-21 11:31:39 [INFO] Clicking Shop Now button
2026-07-21 11:31:40 [INFO] Shop Now button clicked successfully
2026-07-21 11:31:40 [INFO] Clicking on Electronics category
2026-07-21 11:31:41 [INFO] Electronics category clicked successfully
2026-07-21 11:31:41 [INFO] Adding product to cart
2026-07-21 11:31:41 [INFO] Product added to cart successfully
2026-07-21 11:31:41 [INFO] Opening cart
2026-07-21 11:31:42 [INFO] Cart opened successfully
2026-07-21 11:31:42 [INFO] Proceeding to checkout
2026-07-21 11:31:42 [INFO] Checkout initiated successfully
2026-07-21 11:31:42 [INFO] Entering customer information
2026-07-21 11:31:42 [INFO] Customer information entered successfully
2026-07-21 11:31:42 [INFO] Proceeding to payment
2026-07-21 11:34:16 [INFO] Navigating to Home page
2026-07-21 11:34:17 [INFO] Home page navigation successful
2026-07-21 11:34:17 [INFO] Clicking Shop Now button
2026-07-21 11:34:18 [INFO] Shop Now button clicked successfully
2026-07-21 11:34:18 [INFO] Clicking on Electronics category
2026-07-21 11:34:18 [INFO] Electronics category clicked successfully
2026-07-21 11:34:18 [INFO] Adding product to cart
2026-07-21 11:34:18 [INFO] Product added to cart successfully
2026-07-21 11:34:18 [INFO] Opening cart
2026-07-21 11:34:18 [INFO] Cart opened successfully
2026-07-21 11:34:18 [INFO] Proceeding to checkout
2026-07-21 11:34:18 [INFO] Checkout initiated successfully
2026-07-21 11:34:18 [INFO] Entering customer information
2026-07-21 11:34:19 [INFO] Customer information entered successfully
2026-07-21 11:34:19 [INFO] Proceeding to payment
2026-07-21 11:35:13 [INFO] Navigating to Home page
2026-07-21 11:35:14 [INFO] Home page navigation successful
2026-07-21 11:35:14 [INFO] Clicking Shop Now button
2026-07-21 11:35:14 [INFO] Shop Now button clicked successfully
2026-07-21 11:35:14 [INFO] Clicking on Electronics category
2026-07-21 11:35:15 [INFO] Electronics category clicked successfully
2026-07-21 11:35:15 [INFO] Adding product to cart
2026-07-21 11:35:15 [INFO] Product added to cart successfully
2026-07-21 11:35:15 [INFO] Opening cart
2026-07-21 11:35:15 [INFO] Cart opened successfully
2026-07-21 11:35:15 [INFO] Proceeding to checkout
2026-07-21 11:35:15 [INFO] Checkout initiated successfully
2026-07-21 11:35:15 [INFO] Entering customer information
2026-07-21 11:35:16 [INFO] Customer information entered successfully
2026-07-21 11:35:16 [INFO] Proceeding to payment
2026-07-21 11:37:04 [INFO] Navigating to Home page
2026-07-21 11:37:05 [INFO] Home page navigation successful
2026-07-21 11:37:05 [INFO] Clicking Shop Now button
2026-07-21 11:37:06 [INFO] Shop Now button clicked successfully
2026-07-21 11:37:06 [INFO] Clicking on Electronics category
2026-07-21 11:37:06 [INFO] Electronics category clicked successfully
2026-07-21 11:37:06 [INFO] Adding product to cart
2026-07-21 11:37:06 [INFO] Product added to cart successfully
2026-07-21 11:37:06 [INFO] Opening cart
2026-07-21 11:37:06 [INFO] Cart opened successfully
2026-07-21 11:37:06 [INFO] Proceeding to checkout
2026-07-21 11:37:06 [INFO] Checkout initiated successfully
2026-07-21 11:37:06 [INFO] Entering customer information
2026-07-21 11:37:07 [INFO] Customer information entered successfully
2026-07-21 11:37:07 [INFO] Proceeding to payment
2026-07-21 11:39:13 [INFO] Navigating to Home page
2026-07-21 11:39:14 [INFO] Home page navigation successful
2026-07-21 11:39:14 [INFO] Clicking Shop Now button
2026-07-21 11:39:14 [INFO] Shop Now button clicked successfully
2026-07-21 11:39:14 [INFO] Clicking on Electronics category
2026-07-21 11:39:14 [INFO] Electronics category clicked successfully
2026-07-21 11:39:14 [INFO] Adding product to cart
2026-07-21 11:39:15 [INFO] Product added to cart successfully
2026-07-21 11:39:15 [INFO] Opening cart
2026-07-21 11:39:15 [INFO] Cart opened successfully
2026-07-21 11:39:15 [INFO] Proceeding to checkout
2026-07-21 11:39:15 [INFO] Checkout initiated successfully
2026-07-21 11:39:15 [INFO] Entering customer information
2026-07-21 11:39:15 [INFO] Customer information entered successfully
2026-07-21 11:39:15 [INFO] Proceeding to payment
2026-07-21 11:41:24 [INFO] Navigating to Home page
2026-07-21 11:41:24 [INFO] Home page navigation successful
2026-07-21 11:41:24 [INFO] Clicking Shop Now button
2026-07-21 11:41:25 [INFO] Shop Now button clicked successfully
2026-07-21 11:41:25 [INFO] Clicking on Electronics category
2026-07-21 11:41:26 [INFO] Electronics category clicked successfully
2026-07-21 11:41:26 [INFO] Adding product to cart
2026-07-21 11:41:26 [INFO] Product added to cart successfully
2026-07-21 11:41:26 [INFO] Opening cart
2026-07-21 11:41:26 [INFO] Cart opened successfully
2026-07-21 11:41:26 [INFO] Proceeding to checkout
2026-07-21 11:41:26 [INFO] Checkout initiated successfully
2026-07-21 11:41:26 [INFO] Entering customer information
2026-07-21 11:41:27 [INFO] Customer information entered successfully
2026-07-21 11:41:27 [INFO] Proceeding to payment
2026-07-21 11:41:29 [INFO] Payment process completed successfully
2026-07-21 11:41:46 [INFO] Navigating to Home page
2026-07-21 11:41:47 [INFO] Home page navigation successful
2026-07-21 11:41:47 [INFO] Clicking Shop Now button
2026-07-21 11:41:48 [INFO] Shop Now button clicked successfully
2026-07-21 11:41:48 [INFO] Clicking on Electronics category
2026-07-21 11:41:48 [INFO] Electronics category clicked successfully
2026-07-21 11:41:48 [INFO] Adding product to cart
2026-07-21 11:41:48 [INFO] Product added to cart successfully
2026-07-21 11:41:48 [INFO] Opening cart
2026-07-21 11:41:49 [INFO] Cart opened successfully
2026-07-21 11:41:49 [INFO] Proceeding to checkout
2026-07-21 11:41:49 [INFO] Checkout initiated successfully
2026-07-21 11:41:49 [INFO] Entering customer information
2026-07-21 11:41:49 [INFO] Customer information entered successfully
2026-07-21 11:41:49 [INFO] Proceeding to payment
2026-07-21 11:41:51 [INFO] Payment process completed successfully
2026-07-21 12:05:16 [INFO] Navigating to Home page
2026-07-21 12:05:17 [INFO] Home page navigation successful
2026-07-21 12:05:17 [INFO] Clicking Shop Now button
2026-07-21 12:05:17 [INFO] Shop Now button clicked successfully
2026-07-21 12:05:17 [INFO] Clicking on Electronics category
2026-07-21 12:05:18 [INFO] Electronics category clicked successfully
2026-07-21 12:05:18 [INFO] Adding product to cart
2026-07-21 12:05:18 [INFO] Product added to cart successfully
2026-07-21 12:05:18 [INFO] Opening cart
2026-07-21 12:05:18 [INFO] Cart opened successfully
2026-07-21 12:05:18 [INFO] Proceeding to checkout
2026-07-21 12:05:18 [INFO] Checkout initiated successfully
2026-07-21 12:05:18 [INFO] Entering customer information
2026-07-21 12:05:19 [INFO] Customer information entered successfully
2026-07-21 12:05:19 [INFO] Proceeding to payment
2026-07-21 12:05:21 [INFO] Payment process completed successfully
2026-07-21 12:05:23 [INFO] Navigating to Home page
2026-07-21 12:05:23 [INFO] Home page navigation successful
2026-07-21 12:05:23 [INFO] Clicking Shop Now button
2026-07-21 12:05:24 [INFO] Shop Now button clicked successfully
2026-07-21 12:05:24 [INFO] Clicking on Laptop product
2026-07-21 12:05:24 [INFO] Laptop product clicked successfully
2026-07-21 12:05:24 [INFO] Adding product to cart
2026-07-21 12:05:24 [INFO] Product added to cart successfully
2026-07-21 12:05:24 [INFO] Adding product to cart
2026-07-21 12:05:24 [INFO] Product added to cart successfully
2026-07-21 12:05:24 [INFO] Opening cart
2026-07-21 12:05:24 [INFO] Cart opened successfully
2026-07-21 12:07:53 [INFO] Navigating to Home page
2026-07-21 12:07:54 [INFO] Home page navigation successful
2026-07-21 12:07:54 [INFO] Clicking Shop Now button
2026-07-21 12:07:55 [INFO] Shop Now button clicked successfully
2026-07-21 12:07:55 [INFO] Clicking on Electronics category
2026-07-21 12:07:55 [INFO] Electronics category clicked successfully
2026-07-21 12:07:55 [INFO] Adding product to cart
2026-07-21 12:07:56 [INFO] Product added to cart successfully
2026-07-21 12:07:56 [INFO] Opening cart
2026-07-21 12:07:56 [INFO] Cart opened successfully
2026-07-21 12:07:56 [INFO] Proceeding to checkout
2026-07-21 12:07:56 [INFO] Checkout initiated successfully
2026-07-21 12:07:56 [INFO] Entering customer information
2026-07-21 12:07:56 [INFO] Customer information entered successfully
2026-07-21 12:07:56 [INFO] Proceeding to payment
2026-07-21 12:07:59 [INFO] Payment process completed successfully
2026-07-21 12:08:01 [INFO] Navigating to Home page
2026-07-21 12:08:01 [INFO] Home page navigation successful
2026-07-21 12:08:01 [INFO] Clicking Shop Now button
2026-07-21 12:08:02 [INFO] Shop Now button clicked successfully
2026-07-21 12:08:02 [INFO] Clicking on Laptop product
2026-07-21 12:08:02 [INFO] Laptop product clicked successfully
2026-07-21 12:08:02 [INFO] Adding product to cart
2026-07-21 12:08:02 [INFO] Product added to cart successfully
2026-07-21 12:08:02 [INFO] Adding product to cart
2026-07-21 12:08:02 [INFO] Product added to cart successfully
2026-07-21 12:08:02 [INFO] Opening cart
2026-07-21 12:08:03 [INFO] Cart opened successfully
2026-07-21 12:09:27 [INFO] Navigating to Home page
2026-07-21 12:09:28 [INFO] Home page navigation successful
2026-07-21 12:09:28 [INFO] Clicking Shop Now button
2026-07-21 12:09:28 [INFO] Shop Now button clicked successfully
2026-07-21 12:09:28 [INFO] Clicking on Electronics category
2026-07-21 12:09:29 [INFO] Electronics category clicked successfully
2026-07-21 12:09:29 [INFO] Adding product to cart
2026-07-21 12:09:29 [INFO] Product added to cart successfully
2026-07-21 12:09:29 [INFO] Opening cart
2026-07-21 12:09:29 [INFO] Cart opened successfully
2026-07-21 12:09:29 [INFO] Proceeding to checkout
2026-07-21 12:09:29 [INFO] Checkout initiated successfully
2026-07-21 12:09:29 [INFO] Entering customer information
2026-07-21 12:09:29 [INFO] Customer information entered successfully
2026-07-21 12:09:29 [INFO] Proceeding to payment
2026-07-21 12:09:32 [INFO] Payment process completed successfully
2026-07-21 12:09:33 [INFO] Navigating to Home page
2026-07-21 12:09:34 [INFO] Home page navigation successful
2026-07-21 12:09:34 [INFO] Clicking Shop Now button
2026-07-21 12:09:35 [INFO] Shop Now button clicked successfully
2026-07-21 12:09:35 [INFO] Clicking on Laptop product
2026-07-21 12:09:35 [INFO] Laptop product clicked successfully
2026-07-21 12:09:35 [INFO] Adding product to cart
2026-07-21 12:09:35 [INFO] Product added to cart successfully
2026-07-21 12:09:35 [INFO] Adding product to cart
2026-07-21 12:09:35 [INFO] Product added to cart successfully
2026-07-21 12:09:35 [INFO] Opening cart
2026-07-21 12:09:35 [INFO] Cart opened successfully
2026-07-21 12:16:08 [INFO] Navigating to Home page
2026-07-21 12:16:09 [INFO] Home page navigation successful
2026-07-21 12:16:09 [INFO] Clicking Shop Now button
2026-07-21 12:16:10 [INFO] Shop Now button clicked successfully
2026-07-21 12:16:10 [INFO] Clicking on Electronics category
2026-07-21 12:16:10 [INFO] Electronics category clicked successfully
2026-07-21 12:16:10 [INFO] Adding product to cart
2026-07-21 12:16:10 [INFO] Product added to cart successfully
2026-07-21 12:16:10 [INFO] Opening cart
2026-07-21 12:16:11 [INFO] Cart opened successfully
2026-07-21 12:16:11 [INFO] Proceeding to checkout
2026-07-21 12:16:11 [INFO] Checkout initiated successfully
2026-07-21 12:16:11 [INFO] Entering customer information
2026-07-21 12:16:11 [INFO] Customer information entered successfully
2026-07-21 12:16:11 [INFO] Proceeding to payment
2026-07-21 12:16:13 [INFO] Payment process completed successfully
2026-07-21 12:16:15 [INFO] Navigating to Home page
2026-07-21 12:16:16 [INFO] Home page navigation successful
2026-07-21 12:16:16 [INFO] Clicking Shop Now button
2026-07-21 12:16:16 [INFO] Shop Now button clicked successfully
2026-07-21 12:16:16 [INFO] Clicking on Laptop product
2026-07-21 12:16:17 [INFO] Laptop product clicked successfully
2026-07-21 12:16:17 [INFO] Adding product to cart
2026-07-21 12:16:17 [INFO] Product added to cart successfully
2026-07-21 12:16:17 [INFO] Adding product to cart
2026-07-21 12:16:17 [INFO] Product added to cart successfully
2026-07-21 12:16:17 [INFO] Opening cart
2026-07-21 12:16:17 [INFO] Cart opened successfully
2026-07-21 12:18:53 [INFO] Navigating to Home page
2026-07-21 12:18:53 [INFO] Home page navigation successful
2026-07-21 12:18:53 [INFO] Clicking Shop Now button
2026-07-21 12:18:54 [INFO] Shop Now button clicked successfully
2026-07-21 12:18:54 [INFO] Clicking on Electronics category
2026-07-21 12:18:54 [INFO] Electronics category clicked successfully
2026-07-21 12:18:54 [INFO] Adding product to cart
2026-07-21 12:18:54 [INFO] Product added to cart successfully
2026-07-21 12:18:54 [INFO] Opening cart
2026-07-21 12:18:54 [INFO] Cart opened successfully
2026-07-21 12:18:54 [INFO] Proceeding to checkout
2026-07-21 12:18:55 [INFO] Checkout initiated successfully
2026-07-21 12:18:55 [INFO] Entering customer information
2026-07-21 12:18:55 [INFO] Customer information entered successfully
2026-07-21 12:18:55 [INFO] Proceeding to payment
2026-07-21 12:18:57 [INFO] Payment process completed successfully
2026-07-21 12:24:57 [INFO] Navigating to Home page
2026-07-21 12:24:58 [INFO] Home page navigation successful
2026-07-21 12:24:58 [INFO] Clicking Shop Now button
2026-07-21 12:24:58 [INFO] Shop Now button clicked successfully
2026-07-21 12:24:58 [INFO] Clicking on Electronics category
2026-07-21 12:24:58 [INFO] Electronics category clicked successfully
2026-07-21 12:24:58 [INFO] Adding product to cart
2026-07-21 12:24:59 [INFO] Product added to cart successfully
2026-07-21 12:24:59 [INFO] Opening cart
2026-07-21 12:24:59 [INFO] Cart opened successfully
2026-07-21 12:24:59 [INFO] Proceeding to checkout
2026-07-21 12:24:59 [INFO] Checkout initiated successfully
2026-07-21 12:24:59 [INFO] Entering customer information
2026-07-21 12:24:59 [INFO] Customer information entered successfully
2026-07-21 12:24:59 [INFO] Proceeding to payment
2026-07-21 12:25:01 [INFO] Payment process completed successfully
2026-07-21 12:49:42 [INFO] Navigating to Home page
2026-07-21 12:49:44 [INFO] Home page navigation successful
2026-07-21 12:49:44 [INFO] Clicking Shop Now button
2026-07-21 12:49:44 [INFO] Shop Now button clicked successfully
2026-07-21 12:49:44 [INFO] Clicking on Electronics category
2026-07-21 12:49:45 [INFO] Electronics category clicked successfully
2026-07-21 12:49:45 [INFO] Adding product to cart
2026-07-21 12:49:45 [INFO] Product added to cart successfully
2026-07-21 12:49:45 [INFO] Opening cart
2026-07-21 12:49:45 [INFO] Cart opened successfully
2026-07-21 12:49:45 [INFO] Proceeding to checkout
2026-07-21 12:49:45 [INFO] Checkout initiated successfully
2026-07-21 12:49:45 [INFO] Entering customer information
2026-07-21 12:49:46 [INFO] Customer information entered successfully
2026-07-21 12:49:46 [INFO] Proceeding to payment
2026-07-21 12:49:48 [INFO] Payment process completed successfully
2026-07-21 12:50:21 [INFO] Navigating to Home page
2026-07-21 12:50:23 [INFO] Home page navigation successful
2026-07-21 12:50:23 [INFO] Clicking Shop Now button
2026-07-21 12:50:23 [INFO] Shop Now button clicked successfully
2026-07-21 12:50:23 [INFO] Clicking on Laptop product
2026-07-21 12:50:24 [INFO] Laptop product clicked successfully
2026-07-21 12:50:24 [INFO] Adding product to cart
2026-07-21 12:50:24 [INFO] Product added to cart successfully
2026-07-21 12:50:24 [INFO] Adding product to cart
2026-07-21 12:50:24 [INFO] Product added to cart successfully
2026-07-21 12:50:24 [INFO] Opening cart
2026-07-21 12:50:24 [INFO] Cart opened successfully
2026-07-21 13:23:41 [INFO] Navigating to Home page
2026-07-21 13:23:42 [INFO] Home page navigation successful
2026-07-21 13:23:42 [INFO] Clicking Shop Now button
2026-07-21 13:23:43 [INFO] Shop Now button clicked successfully
2026-07-21 13:23:43 [INFO] Clicking on Electronics category
2026-07-21 13:23:43 [INFO] Electronics category clicked successfully
2026-07-21 13:23:43 [INFO] Adding product to cart
2026-07-21 13:23:44 [INFO] Product added to cart successfully
2026-07-21 13:23:44 [INFO] Opening cart
2026-07-21 13:23:44 [INFO] Cart opened successfully
2026-07-21 13:23:44 [INFO] Proceeding to checkout
2026-07-21 13:23:44 [INFO] Checkout initiated successfully
2026-07-21 13:23:44 [INFO] Entering customer information
2026-07-21 13:23:45 [INFO] Customer information entered successfully
2026-07-21 13:23:45 [INFO] Proceeding to payment
2026-07-21 13:23:47 [INFO] Payment process completed successfully
2026-07-21 13:26:58 [INFO] Navigating to Home page
2026-07-21 13:27:00 [INFO] Home page navigation successful
2026-07-21 13:27:00 [INFO] Clicking Shop Now button
2026-07-21 13:27:00 [INFO] Shop Now button clicked successfully
2026-07-21 13:27:00 [INFO] Clicking on Electronics category
2026-07-21 13:27:01 [INFO] Electronics category clicked successfully
2026-07-21 13:27:01 [INFO] Adding product to cart
2026-07-21 13:27:01 [INFO] Product added to cart successfully
2026-07-21 13:27:01 [INFO] Opening cart
2026-07-21 13:27:01 [INFO] Cart opened successfully
2026-07-21 13:27:01 [INFO] Proceeding to checkout
2026-07-21 13:27:01 [INFO] Checkout initiated successfully
2026-07-21 13:27:01 [INFO] Entering customer information
2026-07-21 13:27:02 [INFO] Customer information entered successfully
2026-07-21 13:27:02 [INFO] Proceeding to payment
2026-07-21 13:27:04 [INFO] Payment process completed successfully
2026-07-21 13:30:32 [INFO] Navigating to Home page
2026-07-21 13:30:35 [INFO] Home page navigation successful
2026-07-21 13:30:35 [INFO] Clicking Shop Now button
2026-07-21 13:30:36 [INFO] Shop Now button clicked successfully
2026-07-21 13:30:36 [INFO] Clicking on Electronics category
2026-07-21 13:30:36 [INFO] Electronics category clicked successfully
2026-07-21 13:30:36 [INFO] Adding product to cart
2026-07-21 13:30:37 [INFO] Product added to cart successfully
2026-07-21 13:30:37 [INFO] Opening cart
2026-07-21 13:30:37 [INFO] Cart opened successfully
2026-07-21 13:30:37 [INFO] Proceeding to checkout
2026-07-21 13:30:37 [INFO] Checkout initiated successfully
2026-07-21 13:30:37 [INFO] Entering customer information
2026-07-21 13:30:38 [INFO] Customer information entered successfully
2026-07-21 13:30:38 [INFO] Proceeding to payment
2026-07-21 13:30:41 [INFO] Payment process completed successfully
2026-07-21 13:31:27 [INFO] Navigating to Home page
2026-07-21 13:31:28 [INFO] Home page navigation successful
2026-07-21 13:31:28 [INFO] Clicking Shop Now button
2026-07-21 13:31:29 [INFO] Shop Now button clicked successfully
2026-07-21 13:31:29 [INFO] Clicking on Laptop product
2026-07-21 13:31:30 [INFO] Laptop product clicked successfully
2026-07-21 13:31:30 [INFO] Adding product to cart
2026-07-21 13:31:30 [INFO] Product added to cart successfully
2026-07-21 13:31:30 [INFO] Adding product to cart
2026-07-21 13:31:30 [INFO] Product added to cart successfully
2026-07-21 13:31:30 [INFO] Opening cart
2026-07-21 13:31:30 [INFO] Cart opened successfully
2026-07-21 13:32:00 [INFO] Navigating to Home page
2026-07-21 13:32:00 [INFO] Home page navigation successful
2026-07-21 13:32:00 [INFO] Clicking Shop Now button
2026-07-21 13:32:01 [INFO] Shop Now button clicked successfully
2026-07-21 13:32:01 [INFO] Clicking on Laptop product
2026-07-21 13:32:01 [INFO] Laptop product clicked successfully
2026-07-21 13:32:01 [INFO] Adding product to cart
2026-07-21 13:32:01 [INFO] Product added to cart successfully
2026-07-21 13:32:01 [INFO] Adding product to cart
2026-07-21 13:32:02 [INFO] Product added to cart successfully
2026-07-21 13:32:02 [INFO] Opening cart
2026-07-21 13:32:02 [INFO] Cart opened successfully
2026-07-21 14:05:03 [INFO] Navigating to Home page
